[2026-08-13T08:08:44.621Z] START - Payload: {
  "title": "Pernikahan Asep & Salsa",
  "slug": "asep-mambo",
  "themeId": "cmrn81tud0003v0clvt2pqln3",
  "groomNickname": "Asep",
  "groomFullName": "Asep Sutrisna Suhada Putra",
  "groomFather": "Bapak Sutrisna",
  "groomMother": "Ibu Suhada",
  "groomPhotoUrl": "",
  "brideNickname": "Salsa",
  "brideFullName": "Salsa Camelia Azzahra",
  "brideFather": "Bapak Camelia",
  "brideMother": "Ibu Azzahra",
  "bridePhotoUrl": "",
  "coverUrl": "https://images.unsplash.com/photo-1519741497674-611481863552",
  "events": [
    {
      "name": "Akad Nikah",
      "date": "2026-08-08",
      "startTime": "09:00",
      "endTime": "10:30",
      "locationName": "Masjid Raya Al-A'zham",
      "address": "Jl. Jenderal Sudirman, Sukaasih, Kec. Tangerang, Kota Tangerang, Banten 15111",
      "mapUrl": "https://maps.app.goo.gl/kX31s3V4F6T7U8W9"
    },
    {
      "name": "Resepsi Pernikahan",
      "date": "2026-08-08",
      "startTime": "11:00",
      "endTime": "14:00",
      "locationName": "Grand Ballroom Al-A'zham",
      "address": "Jl. Jenderal Sudirman, Sukaasih, Kec. Tangerang, Kota Tangerang, Banten 15111",
      "mapUrl": "https://maps.app.goo.gl/kX31s3V4F6T7U8W9"
    }
  ],
  "loveStories": [
    {
      "title": "Pertama Bertemu",
      "date": "2020",
      "description": "Awal mula takdir mempertemukan kami di sebuah acara kampus."
    },
    {
      "title": "Menuju Pelaminan",
      "date": "2025",
      "description": "Setelah melewati banyak cerita bersama, kami memantapkan hati untuk melangkah ke jenjang pernikahan."
    }
  ],
  "galleryLayout": "CAROUSEL",
  "galleries": [
    {
      "mediaUrl": "https://images.unsplash.com/photo-1519741497674-611481863552",
      "type": "PHOTO"
    },
    {
      "mediaUrl": "https://images.unsplash.com/photo-1511285560929-80b456fea0bc",
      "type": "PHOTO"
    }
  ],
  "quotes": "Dan di antara tanda-tanda kekuasaan-Nya ialah Dia menciptakan untukmu isteri-isteri dari jenismu sendiri, supaya kamu cenderung dan merasa tenteram kepadanya, dan dijadikan-Nya di antaramu rasa kasih dan sayang. (QS. Ar-Rum: 21)",
  "gifts": [
    {
      "type": "BANK",
      "providerName": "BCA",
      "accountName": "Asep Sutrisna",
      "accountNumber": "1234567890"
    }
  ],
  "physicalGiftAddress": "Jl. Mawar No. 12, RT 01/RW 02, Kec. Coblong, Kota Bandung, Jawa Barat (40135)",
  "physicalGiftReceiver": "Asep & Salsa",
  "physicalGiftPhone": "081234567890",
  "musicUrl": "https://www.soundhelix.com/examples/mp3/SoundHelix-Song-1.mp3",
  "musicTitle": "Nadhif Basalamah - Bergema Sampai Selamanya",
  "isMusicEnabled": true,
  "isPublished": true
}
[SUCCESS] Created Invitation ID: cmsr8l4o40002nwvtl8ddzmii
